Flow report for Chaos_Generator
Tue Mar 27 15:22:32 2018
Quartus Prime Version 15.1.0 Build 185 10/21/2015 SJ Standard Edition


---------------------
; Table of Contents ;
---------------------
  1. Legal Notice
  2. Flow Summary
  3. Flow Settings
  4. Flow Non-Default Global Settings
  5. Flow Elapsed Time
  6. Flow OS Summary
  7. Flow Log
  8. Flow Messages
  9. Flow Suppressed Messages



----------------
; Legal Notice ;
----------------
Copyright (C) 1991-2015 Altera Corporation. All rights reserved.
Your use of Altera Corporation's design tools, logic functions 
and other software and tools, and its AMPP partner logic 
functions, and any output files from any of the foregoing 
(including device programming or simulation files), and any 
associated documentation or information are expressly subject 
to the terms and conditions of the Altera Program License 
Subscription Agreement, the Altera Quartus Prime License Agreement,
the Altera MegaCore Function License Agreement, or other 
applicable license agreement, including, without limitation, 
that your use is for the sole purpose of programming logic 
devices manufactured by Altera and sold by Altera or its 
authorized distributors.  Please refer to the applicable 
agreement for further details.



+--------------------------------------------------------------------------------------+
; Flow Summary                                                                         ;
+------------------------------------+-------------------------------------------------+
; Flow Status                        ; Successful - Tue Mar 27 15:22:31 2018           ;
; Quartus Prime Version              ; 15.1.0 Build 185 10/21/2015 SJ Standard Edition ;
; Revision Name                      ; Chaos_Generator                                 ;
; Top-level Entity Name              ; Chaos_Generator                                 ;
; Family                             ; Cyclone IV E                                    ;
; Device                             ; EP4CE115F29C7                                   ;
; Timing Models                      ; Final                                           ;
; Total logic elements               ; 8,276 / 114,480 ( 7 % )                         ;
;     Total combinational functions  ; 7,828 / 114,480 ( 7 % )                         ;
;     Dedicated logic registers      ; 4,693 / 114,480 ( 4 % )                         ;
; Total registers                    ; 4693                                            ;
; Total pins                         ; 130 / 529 ( 25 % )                              ;
; Total virtual pins                 ; 0                                               ;
; Total memory bits                  ; 458 / 3,981,312 ( < 1 % )                       ;
; Embedded Multiplier 9-bit elements ; 56 / 532 ( 11 % )                               ;
; Total PLLs                         ; 0 / 4 ( 0 % )                                   ;
+------------------------------------+-------------------------------------------------+


+-----------------------------------------+
; Flow Settings                           ;
+-------------------+---------------------+
; Option            ; Setting             ;
+-------------------+---------------------+
; Start date & time ; 03/27/2018 15:19:44 ;
; Main task         ; Compilation         ;
; Revision Name     ; Chaos_Generator     ;
+-------------------+---------------------+


+---------------------------------------------------------------------------------------------------------------------------------------+
; Flow Non-Default Global Settings                                                                                                      ;
+--------------------------------------+----------------------------------------+---------------+-------------+-------------------------+
; Assignment Name                      ; Value                                  ; Default Value ; Entity Name ; Section Id              ;
+--------------------------------------+----------------------------------------+---------------+-------------+-------------------------+
; COMPILER_SIGNATURE_ID                ; 202383172174089.152213518407672        ; --            ; --          ; --                      ;
; EDA_DESIGN_INSTANCE_NAME             ; NA                                     ; --            ; --          ; Chaos_Generator_vlg_tst ;
; EDA_NATIVELINK_SIMULATION_TEST_BENCH ; Chaos_Generator_vlg_tst                ; --            ; --          ; eda_simulation          ;
; EDA_OUTPUT_DATA_FORMAT               ; Verilog Hdl                            ; --            ; --          ; eda_simulation          ;
; EDA_SIMULATION_TOOL                  ; ModelSim-Altera (Verilog)              ; <None>        ; --          ; --                      ;
; EDA_TEST_BENCH_ENABLE_STATUS         ; TEST_BENCH_MODE                        ; --            ; --          ; eda_simulation          ;
; EDA_TEST_BENCH_FILE                  ; simulation/modelsim/Chaos_Generator.vt ; --            ; --          ; Chaos_Generator_vlg_tst ;
; EDA_TEST_BENCH_MODULE_NAME           ; Chaos_Generator_vlg_tst                ; --            ; --          ; Chaos_Generator_vlg_tst ;
; EDA_TEST_BENCH_NAME                  ; Chaos_Generator_vlg_tst                ; --            ; --          ; eda_simulation          ;
; EDA_TIME_SCALE                       ; 1 ps                                   ; --            ; --          ; eda_simulation          ;
; MAX_CORE_JUNCTION_TEMP               ; 85                                     ; --            ; --          ; --                      ;
; MIN_CORE_JUNCTION_TEMP               ; 0                                      ; --            ; --          ; --                      ;
; MISC_FILE                            ; Fp_Add_bb.v                            ; --            ; --          ; --                      ;
; MISC_FILE                            ; Fp_Sub_bb.v                            ; --            ; --          ; --                      ;
; MISC_FILE                            ; Fp_Mul_bb.v                            ; --            ; --          ; --                      ;
; NOMINAL_CORE_SUPPLY_VOLTAGE          ; 1.2V                                   ; --            ; --          ; --                      ;
; PARTITION_COLOR                      ; 16764057                               ; --            ; --          ; Top                     ;
; PARTITION_FITTER_PRESERVATION_LEVEL  ; PLACEMENT_AND_ROUTING                  ; --            ; --          ; Top                     ;
; PARTITION_NETLIST_TYPE               ; SOURCE                                 ; --            ; --          ; Top                     ;
; POWER_BOARD_THERMAL_MODEL            ; None (CONSERVATIVE)                    ; --            ; --          ; --                      ;
; POWER_PRESET_COOLING_SOLUTION        ; 23 MM HEAT SINK WITH 200 LFPM AIRFLOW  ; --            ; --          ; --                      ;
; PROJECT_OUTPUT_DIRECTORY             ; output_files                           ; --            ; --          ; --                      ;
+--------------------------------------+----------------------------------------+---------------+-------------+-------------------------+


+-------------------------------------------------------------------------------------------------------------------------------+
; Flow Elapsed Time                                                                                                             ;
+---------------------------+--------------+-------------------------+---------------------+------------------------------------+
; Module Name               ; Elapsed Time ; Average Processors Used ; Peak Virtual Memory ; Total CPU Time (on all processors) ;
+---------------------------+--------------+-------------------------+---------------------+------------------------------------+
; Analysis & Synthesis      ; 00:00:38     ; 1.0                     ; 984 MB              ; 00:00:54                           ;
; Fitter                    ; 00:01:16     ; 1.1                     ; 2042 MB             ; 00:02:25                           ;
; Assembler                 ; 00:00:05     ; 1.0                     ; 819 MB              ; 00:00:05                           ;
; TimeQuest Timing Analyzer ; 00:00:08     ; 1.4                     ; 1086 MB             ; 00:00:10                           ;
; EDA Netlist Writer        ; 00:00:11     ; 1.0                     ; 847 MB              ; 00:00:10                           ;
; Total                     ; 00:02:18     ; --                      ; --                  ; 00:03:44                           ;
+---------------------------+--------------+-------------------------+---------------------+------------------------------------+


+----------------------------------------------------------------------------------------+
; Flow OS Summary                                                                        ;
+---------------------------+------------------+-----------+------------+----------------+
; Module Name               ; Machine Hostname ; OS Name   ; OS Version ; Processor type ;
+---------------------------+------------------+-----------+------------+----------------+
; Analysis & Synthesis      ; DESKTOP-CIU62I1  ; Windows 8 ; 6.2        ; x86_64         ;
; Fitter                    ; DESKTOP-CIU62I1  ; Windows 8 ; 6.2        ; x86_64         ;
; Assembler                 ; DESKTOP-CIU62I1  ; Windows 8 ; 6.2        ; x86_64         ;
; TimeQuest Timing Analyzer ; DESKTOP-CIU62I1  ; Windows 8 ; 6.2        ; x86_64         ;
; EDA Netlist Writer        ; DESKTOP-CIU62I1  ; Windows 8 ; 6.2        ; x86_64         ;
+---------------------------+------------------+-----------+------------+----------------+


------------
; Flow Log ;
------------
quartus_map --read_settings_files=on --write_settings_files=off Chaos_Generator -c Chaos_Generator
quartus_fit --read_settings_files=off --write_settings_files=off Chaos_Generator -c Chaos_Generator
quartus_asm --read_settings_files=off --write_settings_files=off Chaos_Generator -c Chaos_Generator
quartus_sta Chaos_Generator -c Chaos_Generator
quartus_eda --read_settings_files=off --write_settings_files=off Chaos_Generator -c Chaos_Generator



